lis2ds12_reg.c:49:9:lis2ds12_read_reg	4	static
lis2ds12_reg.c:70:9:lis2ds12_write_reg	4	static
lis2ds12_reg.c:639:9:lis2ds12_mem_bank_set.part.0	16	static
lis2ds12_reg.c:93:9:lis2ds12_from_fs2g_to_mg	0	static
lis2ds12_reg.c:98:9:lis2ds12_from_fs4g_to_mg	0	static
lis2ds12_reg.c:103:9:lis2ds12_from_fs8g_to_mg	0	static
lis2ds12_reg.c:108:9:lis2ds12_from_fs16g_to_mg	0	static
lis2ds12_reg.c:113:9:lis2ds12_from_lsb_to_celsius	0	static
lis2ds12_reg.c:139:9:lis2ds12_all_sources_get	16	static
lis2ds12_reg.c:194:9:lis2ds12_block_data_update_set	24	static
lis2ds12_reg.c:218:9:lis2ds12_block_data_update_get	16	static
lis2ds12_reg.c:238:9:lis2ds12_xl_full_scale_set	24	static
lis2ds12_reg.c:263:9:lis2ds12_xl_full_scale_get	16	static
lis2ds12_reg.c:305:9:lis2ds12_xl_data_rate_set	24	static
lis2ds12_reg.c:331:9:lis2ds12_xl_data_rate_get	16	static
lis2ds12_reg.c:433:9:lis2ds12_status_reg_get	0	static
lis2ds12_reg.c:451:9:lis2ds12_xl_flag_data_ready_get	16	static
lis2ds12_reg.c:483:9:lis2ds12_acceleration_module_raw_get	0	static
lis2ds12_reg.c:502:9:lis2ds12_temperature_raw_get	0	static
lis2ds12_reg.c:520:9:lis2ds12_acceleration_raw_get	16	static
lis2ds12_reg.c:544:9:lis2ds12_number_of_steps_get	16	static
lis2ds12_reg.c:576:9:lis2ds12_device_id_get	0	static
lis2ds12_reg.c:594:9:lis2ds12_auto_increment_set	24	static
lis2ds12_reg.c:619:9:lis2ds12_auto_increment_get	16	static
lis2ds12_reg.c:639:9:lis2ds12_mem_bank_set	24	static
lis2ds12_reg.c:683:9:lis2ds12_reset_set	24	static
lis2ds12_reg.c:708:9:lis2ds12_reset_get	16	static
lis2ds12_reg.c:727:9:lis2ds12_boot_set	24	static
lis2ds12_reg.c:751:9:lis2ds12_boot_get	16	static
lis2ds12_reg.c:770:9:lis2ds12_xl_self_test_set	24	static
lis2ds12_reg.c:795:9:lis2ds12_xl_self_test_get	16	static
lis2ds12_reg.c:833:9:lis2ds12_data_ready_mode_set	24	static
lis2ds12_reg.c:858:9:lis2ds12_data_ready_mode_get	16	static
lis2ds12_reg.c:905:9:lis2ds12_xl_hp_path_set	24	static
lis2ds12_reg.c:930:9:lis2ds12_xl_hp_path_get	16	static
lis2ds12_reg.c:977:9:lis2ds12_spi_mode_set	24	static
lis2ds12_reg.c:1001:9:lis2ds12_spi_mode_get	16	static
lis2ds12_reg.c:1034:9:lis2ds12_i2c_interface_set	24	static
lis2ds12_reg.c:1059:9:lis2ds12_i2c_interface_get	16	static
lis2ds12_reg.c:1093:9:lis2ds12_cs_mode_set	24	static
lis2ds12_reg.c:1120:9:lis2ds12_cs_mode_get	16	static
lis2ds12_reg.c:1168:9:lis2ds12_pin_mode_set	24	static
lis2ds12_reg.c:1192:9:lis2ds12_pin_mode_get	16	static
lis2ds12_reg.c:1226:9:lis2ds12_pin_polarity_set	24	static
lis2ds12_reg.c:1251:9:lis2ds12_pin_polarity_get	16	static
lis2ds12_reg.c:1285:9:lis2ds12_int_notification_set	24	static
lis2ds12_reg.c:1310:9:lis2ds12_int_notification_get	16	static
lis2ds12_reg.c:1344:9:lis2ds12_pin_int1_route_set	24	static
lis2ds12_reg.c:1390:9:lis2ds12_pin_int1_route_get	24	static
lis2ds12_reg.c:1425:9:lis2ds12_pin_int2_route_set	24	static
lis2ds12_reg.c:1455:9:lis2ds12_pin_int2_route_get	16	static
lis2ds12_reg.c:1480:9:lis2ds12_all_on_int1_set	24	static
lis2ds12_reg.c:1504:9:lis2ds12_all_on_int1_get	16	static
lis2ds12_reg.c:1535:9:lis2ds12_sh_pin_mode_set	24	static
lis2ds12_reg.c:1562:9:lis2ds12_sh_pin_mode_get	16	static
lis2ds12_reg.c:1610:9:lis2ds12_wkup_threshold_set	24	static
lis2ds12_reg.c:1636:9:lis2ds12_wkup_threshold_get	16	static
lis2ds12_reg.c:1656:9:lis2ds12_wkup_dur_set	24	static
lis2ds12_reg.c:1682:9:lis2ds12_wkup_dur_get	16	static
lis2ds12_reg.c:1715:9:lis2ds12_sleep_mode_set	24	static
lis2ds12_reg.c:1741:9:lis2ds12_sleep_mode_get	16	static
lis2ds12_reg.c:1761:9:lis2ds12_act_sleep_dur_set	24	static
lis2ds12_reg.c:1787:9:lis2ds12_act_sleep_dur_get	16	static
lis2ds12_reg.c:1820:9:lis2ds12_tap_detection_on_z_set	24	static
lis2ds12_reg.c:1845:9:lis2ds12_tap_detection_on_z_get	16	static
lis2ds12_reg.c:1865:9:lis2ds12_tap_detection_on_y_set	24	static
lis2ds12_reg.c:1890:9:lis2ds12_tap_detection_on_y_get	16	static
lis2ds12_reg.c:1910:9:lis2ds12_tap_detection_on_x_set	24	static
lis2ds12_reg.c:1935:9:lis2ds12_tap_detection_on_x_get	16	static
lis2ds12_reg.c:1955:9:lis2ds12_tap_threshold_set	24	static
lis2ds12_reg.c:1981:9:lis2ds12_tap_threshold_get	16	static
lis2ds12_reg.c:2005:9:lis2ds12_tap_shock_set	24	static
lis2ds12_reg.c:2033:9:lis2ds12_tap_shock_get	16	static
lis2ds12_reg.c:2056:9:lis2ds12_tap_quiet_set	24	static
lis2ds12_reg.c:2084:9:lis2ds12_tap_quiet_get	16	static
lis2ds12_reg.c:2107:9:lis2ds12_tap_dur_set	24	static
lis2ds12_reg.c:2135:9:lis2ds12_tap_dur_get	16	static
lis2ds12_reg.c:2154:9:lis2ds12_tap_mode_set	24	static
lis2ds12_reg.c:2181:9:lis2ds12_tap_mode_get	16	static
lis2ds12_reg.c:2216:9:lis2ds12_tap_src_get	0	static
lis2ds12_reg.c:2247:9:lis2ds12_6d_threshold_set	24	static
lis2ds12_reg.c:2274:9:lis2ds12_6d_threshold_get	16	static
lis2ds12_reg.c:2317:9:lis2ds12_4d_mode_set	24	static
lis2ds12_reg.c:2343:9:lis2ds12_4d_mode_get	16	static
lis2ds12_reg.c:2363:9:lis2ds12_6d_src_get	0	static
lis2ds12_reg.c:2393:9:lis2ds12_ff_dur_set	24	static
lis2ds12_reg.c:2433:9:lis2ds12_ff_dur_get	24	static
lis2ds12_reg.c:2460:9:lis2ds12_ff_threshold_set	24	static
lis2ds12_reg.c:2486:9:lis2ds12_ff_threshold_get	16	static
lis2ds12_reg.c:2519:9:lis2ds12_fifo_xl_module_batch_set	24	static
lis2ds12_reg.c:2547:9:lis2ds12_fifo_xl_module_batch_get	16	static
lis2ds12_reg.c:2568:9:lis2ds12_fifo_mode_set	24	static
lis2ds12_reg.c:2595:9:lis2ds12_fifo_mode_get	16	static
lis2ds12_reg.c:2642:9:lis2ds12_fifo_watermark_set	16	static
lis2ds12_reg.c:2659:9:lis2ds12_fifo_watermark_get	0	static
lis2ds12_reg.c:2676:9:lis2ds12_fifo_full_flag_get	16	static
lis2ds12_reg.c:2695:9:lis2ds12_fifo_ovr_flag_get	16	static
lis2ds12_reg.c:2714:9:lis2ds12_fifo_wtm_flag_get	16	static
lis2ds12_reg.c:2733:9:lis2ds12_fifo_data_level_get	24	static
lis2ds12_reg.c:2759:9:lis2ds12_fifo_src_get	0	static
lis2ds12_reg.c:2789:9:lis2ds12_pedo_threshold_set	24	static
lis2ds12_reg.c:2815:9:lis2ds12_pedo_threshold_get	16	static
lis2ds12_reg.c:2835:9:lis2ds12_pedo_full_scale_set	24	static
lis2ds12_reg.c:2862:9:lis2ds12_pedo_full_scale_get	16	static
lis2ds12_reg.c:2897:9:lis2ds12_pedo_step_reset_set	24	static
lis2ds12_reg.c:2923:9:lis2ds12_pedo_step_reset_get	16	static
lis2ds12_reg.c:2943:9:lis2ds12_pedo_step_detect_flag_get	16	static
lis2ds12_reg.c:2964:9:lis2ds12_pedo_sens_set	24	static
lis2ds12_reg.c:2990:9:lis2ds12_pedo_sens_get	16	static
lis2ds12_reg.c:3010:9:lis2ds12_pedo_debounce_steps_set	24	static
lis2ds12_reg.c:3047:9:lis2ds12_pedo_debounce_steps_get	24	static
lis2ds12_reg.c:3080:9:lis2ds12_pedo_timeout_set	24	static
lis2ds12_reg.c:3118:9:lis2ds12_pedo_timeout_get	24	static
lis2ds12_reg.c:3149:9:lis2ds12_pedo_steps_period_set	16	static
lis2ds12_reg.c:3178:9:lis2ds12_pedo_steps_period_get	16	static
lis2ds12_reg.c:3219:9:lis2ds12_motion_data_ready_flag_get	16	static
lis2ds12_reg.c:3240:9:lis2ds12_motion_sens_set	24	static
lis2ds12_reg.c:3266:9:lis2ds12_motion_sens_get	16	static
lis2ds12_reg.c:3290:9:lis2ds12_motion_threshold_set	24	static
lis2ds12_reg.c:3328:9:lis2ds12_motion_threshold_get	24	static
lis2ds12_reg.c:3370:9:lis2ds12_tilt_data_ready_flag_get	16	static
lis2ds12_reg.c:3391:9:lis2ds12_tilt_sens_set	24	static
lis2ds12_reg.c:3417:9:lis2ds12_tilt_sens_get	16	static
lis2ds12_reg.c:3450:9:lis2ds12_module_sens_set	24	static
lis2ds12_reg.c:3476:9:lis2ds12_module_sens_get	16	static
lis2ds12_reg.c:3509:9:lis2ds12_sh_read_data_raw_get	0	static
lis2ds12_reg.c:3528:9:lis2ds12_sh_master_set	24	static
lis2ds12_reg.c:3554:9:lis2ds12_sh_master_get	16	static
lis2ds12_reg.c:3577:9:lis2ds12_sh_cfg_write	24	static
lis2ds12_reg.c:3624:9:lis2ds12_sh_slv_cfg_read	24	static
lis2ds12_reg.c:3676:9:lis2ds12_sh_end_op_flag_get	16	static
