main.c:60:6:HAL_GPIO_EXTI_Callback	16	static
main.c:77:6:print_UART_value	216	static
main.c:87:6:print_UART_message	16	static
main.c:119:5:main	16	static
main.c:193:6:SystemClock_Config	88	static
main.c:237:13:MX_SPI1_Init	8	static
main.c:275:13:MX_TIM2_Init	48	static
main.c:328:13:MX_USART1_UART_Init	8	static
main.c:361:13:MX_GPIO_Init	40	static
main.c:403:6:LEDS_TEST	8	static
main.c:411:6:PWM_TEST	24	static
main.c:430:6:RS485_TEST	32	static
main.c:470:6:Error_Handler	4	static,ignoring_inline_asm
