main.c:55:6:HAL_GPIO_EXTI_Callback	16	static
main.c:72:6:print_UART_value	216	static
main.c:82:6:print_UART_message	16	static
main.c:114:5:main	16	static
main.c:182:6:SystemClock_Config	88	static
main.c:226:13:MX_SPI1_Init	8	static
main.c:264:13:MX_TIM2_Init	48	static
main.c:313:13:MX_USART1_UART_Init	8	static
main.c:346:13:MX_GPIO_Init	40	static
main.c:388:6:LEDS_TEST	8	static
main.c:398:6:PWM_TEST	24	static
main.c:444:6:RS485_TEST	32	static
main.c:484:6:Error_Handler	4	static,ignoring_inline_asm
